// Vitest Snapshot v1, https://vitest.dev/guide/snapshot.html

exports[`TaskList コンポーネント - ブラウザテスト > 初期状態のVRT - スクリーンショット > tasklist-initial-state.html 1`] = `"<div data-v-af126484="" class="max-w-2xl mx-auto bg-white border border-gray-200 rounded-lg p-8 shadow-sm" data-testid="task-list"><div data-v-af126484="" class="flex justify-between items-center mb-6"><h3 data-v-af126484="" class="text-gray-800 text-xl font-semibold m-0">タスクリスト</h3><div data-v-af126484="" class="flex gap-4 text-sm text-gray-500"><span data-v-af126484="" data-testid="total-tasks">全 3 件</span><span data-v-af126484="" data-testid="completed-tasks">完了 1 件</span></div></div><div data-v-af126484="" class="flex gap-3 mb-6"><input data-v-af126484="" type="text" placeholder="新しいタスクを入力..." data-testid="new-task-input" class="flex-1 px-3 py-3 border border-gray-300 rounded text-base focus:outline-none focus:border-blue-600 focus:ring-1 focus:ring-blue-600" style=""><button data-v-af126484="" disabled="" data-testid="add-task-btn" class="px-4 py-2 border-none rounded text-sm font-medium cursor-pointer transition-all duration-200 bg-blue-600 text-white hover:bg-blue-700 disabled:opacity-60 disabled:cursor-not-allowed"> 追加 </button></div><div data-v-af126484="" class="flex gap-2 mb-6"><button data-v-af126484="" class="px-4 py-2 border border-gray-300 rounded cursor-pointer transition-all duration-200 hover:bg-gray-200 bg-blue-600 text-white border-blue-600" data-testid="filter-all">すべて</button><button data-v-af126484="" class="px-4 py-2 border border-gray-300 rounded cursor-pointer transition-all duration-200 hover:bg-gray-200 bg-white" data-testid="filter-active">未完了</button><button data-v-af126484="" class="px-4 py-2 border border-gray-300 rounded cursor-pointer transition-all duration-200 hover:bg-gray-200 bg-white" data-testid="filter-completed">完了済み</button></div><div data-v-af126484="" class="mb-6"><div data-v-af126484="" class="flex items-center gap-3 p-3 border border-gray-200 rounded mb-2 transition-all duration-200 hover:bg-gray-200 opacity-70 bg-gray-50" data-testid="task-1"><input data-v-af126484="" id="task-1" type="checkbox" data-testid="task-checkbox-1" class="w-4.5 h-4.5" style=""><label data-v-af126484="" for="task-1" class="flex-1 cursor-pointer transition-all duration-200 line-through text-gray-500" data-testid="task-label-1">Vitestのブラウザモードをセットアップ</label><span data-v-af126484="" class="text-sm text-gray-500 min-w-15" data-testid="task-date-1">1月1日</span><button data-v-af126484="" data-testid="remove-task-1" class="px-3 py-1.5 border-none rounded text-xs font-medium cursor-pointer transition-all duration-200 bg-red-600 text-white hover:bg-red-700"> 削除 </button></div><div data-v-af126484="" class="flex items-center gap-3 p-3 border border-gray-200 rounded mb-2 transition-all duration-200 hover:bg-gray-200" data-testid="task-2"><input data-v-af126484="" id="task-2" type="checkbox" data-testid="task-checkbox-2" class="w-4.5 h-4.5" style=""><label data-v-af126484="" for="task-2" class="flex-1 cursor-pointer transition-all duration-200" data-testid="task-label-2">ユニットテストを作成</label><span data-v-af126484="" class="text-sm text-gray-500 min-w-15" data-testid="task-date-2">1月2日</span><button data-v-af126484="" data-testid="remove-task-2" class="px-3 py-1.5 border-none rounded text-xs font-medium cursor-pointer transition-all duration-200 bg-red-600 text-white hover:bg-red-700"> 削除 </button></div><div data-v-af126484="" class="flex items-center gap-3 p-3 border border-gray-200 rounded mb-2 transition-all duration-200 hover:bg-gray-200" data-testid="task-3"><input data-v-af126484="" id="task-3" type="checkbox" data-testid="task-checkbox-3" class="w-4.5 h-4.5" style=""><label data-v-af126484="" for="task-3" class="flex-1 cursor-pointer transition-all duration-200" data-testid="task-label-3">インテグレーションテストを実装</label><span data-v-af126484="" class="text-sm text-gray-500 min-w-15" data-testid="task-date-3">1月3日</span><button data-v-af126484="" data-testid="remove-task-3" class="px-3 py-1.5 border-none rounded text-xs font-medium cursor-pointer transition-all duration-200 bg-red-600 text-white hover:bg-red-700"> 削除 </button></div></div><!--v-if--><div data-v-af126484="" class="flex gap-4 pt-4 border-t border-gray-200"><button data-v-af126484="" data-testid="check-all-btn" class="flex-1 px-4 py-2 border-none rounded text-sm font-medium cursor-pointer transition-all duration-200 bg-gray-600 text-white hover:bg-gray-700 disabled:opacity-60 disabled:cursor-not-allowed">すべて完了にする</button><button data-v-af126484="" data-testid="clear-completed-btn" class="flex-1 px-4 py-2 border-none rounded text-sm font-medium cursor-pointer transition-all duration-200 bg-amber-600 text-white hover:bg-amber-700 disabled:opacity-60 disabled:cursor-not-allowed"> 完了済みを削除 (1) </button></div></div>"`;
